// Jest Snapshot v1, https://goo.gl/fbAQLP

exports[`renderStructure it should return the tree structure 1`] = `
"1
|------2
|   |-----3
|   |-----4
|------5
|   |-----6
|   |  |-----7
|   |  |  |-----8
|   |  |  |  |-----9"
`;
